// Jest Snapshot v1, https://goo.gl/fbAQLP

exports[`ArgoCreationPage creating application set ArgoCreationPage renders correctly when creating application 1`] = `
<section
  className="pf-c-page__main-section pf-m-light pf-c-content"
  style={
    Object {
      "padding": 0,
    }
  }
>
  <div
    className="temptifly showWizard"
  >
    <div
      className="creation-view-split-container"
    >
      <div
        className="SplitPane  vertical "
        style={
          Object {
            "MozUserSelect": "text",
            "WebkitUserSelect": "text",
            "display": "flex",
            "flex": 1,
            "flexDirection": "row",
            "height": "100%",
            "left": 0,
            "msUserSelect": "text",
            "outline": "none",
            "overflow": "hidden auto",
            "position": "absolute",
            "right": 0,
            "userSelect": "text",
          }
        }
      >
        <div
          className="Pane vertical Pane1  "
          style={
            Object {
              "flex": "none",
              "outline": "none",
              "position": "relative",
              "width": "100%",
            }
          }
        >
          <div
            className="creation-view-controls-container"
          >
            <div
              className="pf-c-wizard"
              style={
                Object {
                  "height": "100%",
                }
              }
            >
              <button
                aria-expanded={false}
                aria-label="Wizard Toggle"
                className="pf-c-wizard__toggle"
                onClick={[Function]}
              >
                <ol
                  className="pf-c-wizard__toggle-list"
                >
                  <li
                    className="pf-c-wizard__toggle-list-item"
                  >
                    <span
                      className="pf-c-wizard__toggle-num"
                    >
                      1
                    </span>
                     
                    <div
                      className="tf--finish-step-button"
                    >
                      <div>
                        General
                      </div>
                    </div>
                  </li>
                </ol>
                <span
                  className="pf-c-wizard__toggle-icon"
                >
                  <svg
                    aria-hidden="true"
                    aria-labelledby={null}
                    fill="currentColor"
                    height="1em"
                    role="img"
                    style={
                      Object {
                        "verticalAlign": "-0.125em",
                      }
                    }
                    viewBox="0 0 320 512"
                    width="1em"
                  >
                    <path
                      d="M31.3 192h257.3c17.8 0 26.7 21.5 14.1 34.1L174.1 354.8c-7.8 7.8-20.5 7.8-28.3 0L17.2 226.1C4.6 213.5 13.5 192 31.3 192z"
                    />
                  </svg>
                </span>
              </button>
              <div
                className="pf-c-wizard__outer-wrap"
              >
                <div
                  className="pf-c-wizard__inner-wrap"
                >
                  <nav
                    aria-label="Create wizard steps"
                    aria-labelledby={null}
                    className="pf-c-wizard__nav"
                  >
                    <ol
                      className="pf-c-wizard__nav-list"
                    >
                      <li
                        className="pf-c-wizard__nav-item"
                      >
                        <button
                          aria-current="page"
                          aria-disabled={null}
                          className="pf-c-wizard__nav-link pf-m-current"
                          disabled={false}
                          onClick={[Function]}
                        >
                          <div
                            className="tf--finish-step-button"
                          >
                            <div>
                              General
                            </div>
                          </div>
                        </button>
                      </li>
                      <li
                        className="pf-c-wizard__nav-item"
                      >
                        <button
                          aria-current={false}
                          aria-disabled={null}
                          className="pf-c-wizard__nav-link"
                          disabled={false}
                          onClick={[Function]}
                        >
                          <div
                            className="tf--finish-step-button"
                          >
                            <div>
                              Template
                            </div>
                          </div>
                        </button>
                      </li>
                      <li
                        className="pf-c-wizard__nav-item"
                      >
                        <button
                          aria-current={false}
                          aria-disabled={null}
                          className="pf-c-wizard__nav-link"
                          disabled={false}
                          onClick={[Function]}
                        >
                          <div
                            className="tf--finish-step-button"
                          >
                            <div>
                              Sync policy
                            </div>
                          </div>
                        </button>
                      </li>
                      <li
                        className="pf-c-wizard__nav-item"
                      >
                        <button
                          aria-current={false}
                          aria-disabled={null}
                          className="pf-c-wizard__nav-link"
                          disabled={false}
                          onClick={[Function]}
                        >
                          <div
                            className="tf--finish-step-button"
                          >
                            <div>
                              Placement
                            </div>
                          </div>
                        </button>
                      </li>
                      <li
                        className="pf-c-wizard__nav-item"
                      >
                        <button
                          aria-current={false}
                          aria-disabled={null}
                          className="pf-c-wizard__nav-link"
                          disabled={false}
                          onClick={[Function]}
                        >
                          Review
                        </button>
                      </li>
                    </ol>
                  </nav>
                  <div
                    aria-label="Create wizard content"
                    aria-labelledby={null}
                    className="pf-c-wizard__main"
                  >
                    <div
                      className="pf-c-wizard__main-body"
                    >
                      <div
                        className="creation-view-controls pf-c-form"
                      >
                        <h2>
                          General
                        </h2>
                        <div
                          className="creation-view-controls-section"
                        >
                          <div
                            className="creation-view-controls-textbox"
                            style={
                              Object {
                                "display": "",
                              }
                            }
                          >
                            <div
                              className="pf-c-form__group"
                              id="appSetName-label"
                            >
                              <div
                                className="pf-c-form__group-label"
                              >
                                <label
                                  className="pf-c-form__label"
                                  htmlFor="appSetName"
                                >
                                  <span
                                    className="pf-c-form__label-text"
                                  >
                                    Argo CD ApplicationSet name
                                  </span>
                                  <span
                                    aria-hidden="true"
                                    className="pf-c-form__label-required"
                                  >
                                     
                                    *
                                  </span>
                                </label>
                                 
                                <button
                                  aria-label="More info"
                                  className="pf-c-form__group-label-help"
                                  id="appSetName-label-help-button"
                                  onClick={[Function]}
                                >
                                  <svg
                                    aria-hidden={true}
                                    aria-labelledby={null}
                                    fill="currentColor"
                                    height="1em"
                                    role="img"
                                    style={null}
                                    viewBox="0 0 1024 1024"
                                    width="1em"
                                  >
                                    <path
                                      d="M521.3,576 C627.5,576 713.7,502 713.7,413.7 C713.7,325.4 627.6,253.6 521.3,253.6 C366,253.6 334.5,337.7 329.2,407.2 C329.2,414.3 335.2,416 343.5,416 L445,416 C450.5,416 458,415.5 460.8,406.5 C460.8,362.6 582.9,357.1 582.9,413.6 C582.9,441.9 556.2,470.9 521.3,473 C486.4,475.1 447.3,479.8 447.3,521.7 L447.3,553.8 C447.3,570.8 456.1,576 472,576 C487.9,576 521.3,576 521.3,576 M575.3,751.3 L575.3,655.3 C575.313862,651.055109 573.620137,646.982962 570.6,644 C567.638831,640.947672 563.552355,639.247987 559.3,639.29884 L463.3,639.29884 C459.055109,639.286138 454.982962,640.979863 452,644 C448.947672,646.961169 447.247987,651.047645 447.29884,655.3 L447.29884,751.3 C447.286138,755.544891 448.979863,759.617038 452,762.6 C454.961169,765.652328 459.047645,767.352013 463.3,767.30116 L559.3,767.30116 C563.544891,767.313862 567.617038,765.620137 570.6,762.6 C573.659349,759.643612 575.360354,755.553963 575.3,751.3 M512,896 C300.2,896 128,723.9 128,512 C128,300.3 300.2,128 512,128 C723.8,128 896,300.2 896,512 C896,723.8 723.7,896 512,896 M512.1,0 C229.7,0 0,229.8 0,512 C0,794.2 229.8,1024 512.1,1024 C794.4,1024 1024,794.3 1024,512 C1024,229.7 794.4,0 512.1,0"
                                    />
                                  </svg>
                                </button>
                              </div>
                              <div
                                className="pf-c-form__group-control"
                              >
                                <input
                                  aria-invalid={false}
                                  aria-label={null}
                                  className="pf-c-form-control"
                                  data-ouia-component-id="OUIA-Generated-TextInputBase-1"
                                  data-ouia-component-type="PF4/TextInput"
                                  data-ouia-safe={true}
                                  data-testid="text-appSetName"
                                  disabled={false}
                                  id="appSetName"
                                  onBlur={[Function]}
                                  onChange={[Function]}
                                  onFocus={[Function]}
                                  placeholder="Enter the application set name"
                                  readOnly={false}
                                  required={false}
                                  spellCheck="false"
                                  type="text"
                                  value=""
                                />
                                
                              </div>
                            </div>
                          </div>
                          <div
                            className="creation-view-controls-combobox"
                          >
                            <div
                              className="pf-c-form__group"
                              id="argoServer-label"
                            >
                              <div
                                className="pf-c-form__group-label"
                              >
                                <label
                                  className="pf-c-form__label"
                                  htmlFor="argoServer"
                                >
                                  <span
                                    className="pf-c-form__label-text"
                                  >
                                    Argo server
                                  </span>
                                  <span
                                    aria-hidden="true"
                                    className="pf-c-form__label-required"
                                  >
                                     
                                    *
                                  </span>
                                </label>
                                 
                                <button
                                  aria-label="More info"
                                  className="pf-c-form__group-label-help"
                                  id="argoServer-label-help-button"
                                  onClick={[Function]}
                                >
                                  <svg
                                    aria-hidden={true}
                                    aria-labelledby={null}
                                    fill="currentColor"
                                    height="1em"
                                    role="img"
                                    style={null}
                                    viewBox="0 0 1024 1024"
                                    width="1em"
                                  >
                                    <path
                                      d="M521.3,576 C627.5,576 713.7,502 713.7,413.7 C713.7,325.4 627.6,253.6 521.3,253.6 C366,253.6 334.5,337.7 329.2,407.2 C329.2,414.3 335.2,416 343.5,416 L445,416 C450.5,416 458,415.5 460.8,406.5 C460.8,362.6 582.9,357.1 582.9,413.6 C582.9,441.9 556.2,470.9 521.3,473 C486.4,475.1 447.3,479.8 447.3,521.7 L447.3,553.8 C447.3,570.8 456.1,576 472,576 C487.9,576 521.3,576 521.3,576 M575.3,751.3 L575.3,655.3 C575.313862,651.055109 573.620137,646.982962 570.6,644 C567.638831,640.947672 563.552355,639.247987 559.3,639.29884 L463.3,639.29884 C459.055109,639.286138 454.982962,640.979863 452,644 C448.947672,646.961169 447.247987,651.047645 447.29884,655.3 L447.29884,751.3 C447.286138,755.544891 448.979863,759.617038 452,762.6 C454.961169,765.652328 459.047645,767.352013 463.3,767.30116 L559.3,767.30116 C563.544891,767.313862 567.617038,765.620137 570.6,762.6 C573.659349,759.643612 575.360354,755.553963 575.3,751.3 M512,896 C300.2,896 128,723.9 128,512 C128,300.3 300.2,128 512,128 C723.8,128 896,300.2 896,512 C896,723.8 723.7,896 512,896 M512.1,0 C229.7,0 0,229.8 0,512 C0,794.2 229.8,1024 512.1,1024 C794.4,1024 1024,794.3 1024,512 C1024,229.7 794.4,0 512.1,0"
                                    />
                                  </svg>
                                </button>
                              </div>
                              <div
                                className="pf-c-form__group-control"
                              >
                                <div
                                  className="creation-view-controls-singleselect-loading  pf-c-form-control"
                                >
                                  <span
                                    aria-valuetext="Loading..."
                                    className="pf-c-spinner pf-m-md"
                                    role="progressbar"
                                  >
                                    <span
                                      className="pf-c-spinner__clipper"
                                    />
                                    <span
                                      className="pf-c-spinner__lead-ball"
                                    />
                                    <span
                                      className="pf-c-spinner__tail-ball"
                                    />
                                  </span>
                                  <div />
                                </div>
                                
                              </div>
                            </div>
                          </div>
                          <div
                            className="creation-view-controls-add-value-container bottom-right"
                          >
                            <div
                              className="creation-view-controls-add-button"
                              id="clusterSetLink"
                              onClick={[Function]}
                              onKeyPress={[Function]}
                              role="button"
                              tabIndex="0"
                            >
                              Add cluster sets
                              <svg
                                aria-hidden={true}
                                fill="currentColor"
                                height="1em"
                                icon="opennewtab"
                                role="presentation"
                                style={
                                  Object {
                                    "verticalAlign": "-0.125em",
                                  }
                                }
                                viewBox="0 0 1024 1024"
                                width="1em"
                              >
                                <g
                                  fillRule="evenodd"
                                  stroke="none"
                                  strokeWidth="1"
                                >
                                  <path
                                    d="M576,320 L896,320 L896,192 L576,192 L576,320 Z M128,320 L448,320 L448,192 L128,192 L128,320 Z M930,64 L896,64 L128,64 L94,64 C42.085,64 0,106.085 0,158 L0,192 L0,832 L0,866 C0,917.915 42.085,960 94,960 L128,960 L488,960 C501.255,960 512,949.255 512,936 L512,856 C512,842.745 501.255,832 488,832 L140,832 C133.373,832 128,826.627 128,820 L128,448 L896,448 L896,552 C896,565.255 906.745,576 920,576 L1000,576 C1013.255,576 1024,565.255 1024,552 L1024,158 C1024,106.085 981.915,64 930,64 L930,64 Z"
                                  />
                                  <path
                                    d="M968,784 L848,784 L848,664 C848,650.7 837.3,640 824,640 L776,640 C762.7,640 752,650.7 752,664 L752,784 L632,784 C618.7,784 608,794.7 608,808 L608,856 C608,869.3 618.7,880 632,880 L752,880 L752,1000 C752,1013.3 762.7,1024 776,1024 L824,1024 C837.3,1024 848,1013.3 848,1000 L848,880 L968,880 C981.3,880 992,869.3 992,856 L992,808 C992,794.7 981.3,784 968,784"
                                  />
                                </g>
                              </svg>
                            </div>
                          </div>
                          <div
                            className="creation-view-controls-combobox"
                          >
                            <div
                              className="pf-c-form__group"
                              id="requeueTime-label"
                            >
                              <div
                                className="pf-c-form__group-label"
                              >
                                <label
                                  className="pf-c-form__label"
                                  htmlFor="requeueTime"
                                >
                                  <span
                                    className="pf-c-form__label-text"
                                  >
                                    Requeue time
                                  </span>
                                  <span
                                    aria-hidden="true"
                                    className="pf-c-form__label-required"
                                  >
                                     
                                    *
                                  </span>
                                </label>
                                 
                                <button
                                  aria-label="More info"
                                  className="pf-c-form__group-label-help"
                                  id="requeueTime-label-help-button"
                                  onClick={[Function]}
                                >
                                  <svg
                                    aria-hidden={true}
                                    aria-labelledby={null}
                                    fill="currentColor"
                                    height="1em"
                                    role="img"
                                    style={null}
                                    viewBox="0 0 1024 1024"
                                    width="1em"
                                  >
                                    <path
                                      d="M521.3,576 C627.5,576 713.7,502 713.7,413.7 C713.7,325.4 627.6,253.6 521.3,253.6 C366,253.6 334.5,337.7 329.2,407.2 C329.2,414.3 335.2,416 343.5,416 L445,416 C450.5,416 458,415.5 460.8,406.5 C460.8,362.6 582.9,357.1 582.9,413.6 C582.9,441.9 556.2,470.9 521.3,473 C486.4,475.1 447.3,479.8 447.3,521.7 L447.3,553.8 C447.3,570.8 456.1,576 472,576 C487.9,576 521.3,576 521.3,576 M575.3,751.3 L575.3,655.3 C575.313862,651.055109 573.620137,646.982962 570.6,644 C567.638831,640.947672 563.552355,639.247987 559.3,639.29884 L463.3,639.29884 C459.055109,639.286138 454.982962,640.979863 452,644 C448.947672,646.961169 447.247987,651.047645 447.29884,655.3 L447.29884,751.3 C447.286138,755.544891 448.979863,759.617038 452,762.6 C454.961169,765.652328 459.047645,767.352013 463.3,767.30116 L559.3,767.30116 C563.544891,767.313862 567.617038,765.620137 570.6,762.6 C573.659349,759.643612 575.360354,755.553963 575.3,751.3 M512,896 C300.2,896 128,723.9 128,512 C128,300.3 300.2,128 512,128 C723.8,128 896,300.2 896,512 C896,723.8 723.7,896 512,896 M512.1,0 C229.7,0 0,229.8 0,512 C0,794.2 229.8,1024 512.1,1024 C794.4,1024 1024,794.3 1024,512 C1024,229.7 794.4,0 512.1,0"
                                    />
                                  </svg>
                                </button>
                              </div>
                              <div
                                className="pf-c-form__group-control"
                              >
                                <div
                                  id="requeueTime-group"
                                >
                                  <div
                                    aria-label="Choose an item"
                                    className="tf--list-box"
                                    role="listbox"
                                    tabIndex="0"
                                  >
                                    <div
                                      aria-expanded={false}
                                      aria-haspopup="true"
                                      aria-label="Open menu"
                                      className=""
                                      data-toggle="true"
                                      onClick={[Function]}
                                      onKeyPress={[Function]}
                                      role="button"
                                      tabIndex="0"
                                      type="button"
                                    >
                                      <div
                                        className="pf-c-form-control input"
                                      >
                                        <input
                                          aria-controls="requeueTime-Requeue time-180"
                                          aria-expanded="true"
                                          aria-label="ListBox input field"
                                          autoComplete="off"
                                          className="pf-c-combo-control"
                                          data-testid="combo-requeueTime"
                                          id="requeueTime"
                                          onBlur={[Function]}
                                          onChange={[Function]}
                                          onFocus={[Function]}
                                          onKeyDown={[Function]}
                                          onKeyUp={[Function]}
                                          placeholder="Enter or select a placement name"
                                          role="combobox"
                                          spellCheck="false"
                                          value="180"
                                        />
                                      </div>
                                      <div
                                        className="tf--list-box__selection"
                                        onClick={[Function]}
                                        onKeyPress={[Function]}
                                        role="button"
                                        style={
                                          Object {
                                            "color": "#6a6e73",
                                          }
                                        }
                                        tabIndex="0"
                                        title="Clear selected item"
                                      >
                                        <svg
                                          aria-hidden={true}
                                          aria-labelledby={null}
                                          fill="currentColor"
                                          height="1em"
                                          role="img"
                                          style={
                                            Object {
                                              "verticalAlign": "-0.125em",
                                            }
                                          }
                                          viewBox="0 0 512 512"
                                          width="1em"
                                        >
                                          <path
                                            d="M256 8C119 8 8 119 8 256s111 248 248 248 248-111 248-248S393 8 256 8zm121.6 313.1c4.7 4.7 4.7 12.3 0 17L338 377.6c-4.7 4.7-12.3 4.7-17 0L256 312l-65.1 65.6c-4.7 4.7-12.3 4.7-17 0L134.4 338c-4.7-4.7-4.7-12.3 0-17l65.6-65-65.6-65.1c-4.7-4.7-4.7-12.3 0-17l39.6-39.6c4.7-4.7 12.3-4.7 17 0l65 65.7 65.1-65.6c4.7-4.7 12.3-4.7 17 0l39.6 39.6c4.7 4.7 4.7 12.3 0 17L312 256l65.6 65.1z"
                                          />
                                        </svg>
                                      </div>
                                      <div
                                        className="tf--list-box__menu-icon"
                                        onClick={[Function]}
                                        onKeyPress={[Function]}
                                        role="button"
                                        tabIndex="0"
                                      >
                                        <svg
                                          alt="Open menu"
                                          aria-label="Open menu"
                                          fillRule="evenodd"
                                          height="5"
                                          role="img"
                                          viewBox="0 0 10 5"
                                          width="10"
                                        >
                                          <title>
                                            Close menu
                                          </title>
                                          <path
                                            d="M0 0l5 4.998L10 0z"
                                          />
                                        </svg>
                                      </div>
                                    </div>
                                  </div>
                                </div>
                                
                              </div>
                            </div>
                          </div>
                        </div>
                      </div>
                    </div>
                  </div>
                </div>
                <footer
                  className="pf-c-wizard__footer"
                >
                  <button
                    aria-disabled={false}
                    aria-label={null}
                    className="pf-c-button pf-m-primary pf-m-progress"
                    data-ouia-component-id="OUIA-Generated-Button-primary-1"
                    data-ouia-component-type="PF4/Button"
                    data-ouia-safe={true}
                    disabled={false}
                    onClick={[Function]}
                    role={null}
                    type="button"
                  >
                    Next
                  </button>
                  <button
                    aria-disabled={true}
                    aria-label={null}
                    className="pf-c-button pf-m-secondary pf-m-aria-disabled"
                    data-ouia-component-id="OUIA-Generated-Button-secondary-1"
                    data-ouia-component-type="PF4/Button"
                    data-ouia-safe={true}
                    disabled={false}
                    onClick={[Function]}
                    onKeyPress={[Function]}
                    role={null}
                    tabIndex={null}
                    type="button"
                  >
                    Back
                  </button>
                  <button
                    aria-disabled={false}
                    aria-label={null}
                    className="pf-c-button pf-m-link"
                    data-ouia-component-id="OUIA-Generated-Button-link-1"
                    data-ouia-component-type="PF4/Button"
                    data-ouia-safe={true}
                    disabled={false}
                    onClick={[Function]}
                    role={null}
                    type="button"
                  >
                    Cancel
                  </button>
                </footer>
              </div>
            </div>
          </div>
        </div>
        <span
          className="Resizer vertical "
          onClick={[Function]}
          onDoubleClick={[Function]}
          onMouseDown={[Function]}
          onTouchEnd={[Function]}
          onTouchStart={[Function]}
          role="presentation"
          style={Object {}}
        />
        <div
          className="Pane vertical Pane2  "
          style={
            Object {
              "flex": 1,
              "outline": "none",
              "position": "relative",
            }
          }
        />
      </div>
    </div>
  </div>
</section>
`;
