// Jest Snapshot v1, https://goo.gl/fbAQLP

exports[`ApplicationCreationPage creating application ApplicationCreationPage renders correctly when creating application 1`] = `null`;
