// Jest Snapshot v1, https://goo.gl/fbAQLP

exports[`ResourceDetails ResourceDetails renders correctly with data on single app. 1`] = `
<div
  id="ResourceDetails"
>
  <div
    class="overview-content"
    id="resource-overview"
  >
    <div
      class="app-info-and-dashboard-links"
    >
      <span
        class="app-info-and-dashboard-links-separator-f"
      />
    </div>
    <div
      class="overview-content-bottom overview-content-with-padding"
    >
      <div
        class="overview-cards-container"
      >
        <article
          class="pf-c-card pf-m-expanded"
          data-ouia-component-id="OUIA-Generated-Card-1"
          data-ouia-component-type="PF4/Card"
          data-ouia-safe="true"
          id=""
        >
          <div
            class="pf-c-card__header makeStyles-header-2"
          >
            <div
              class="pf-c-card__header-toggle"
            >
              <button
                aria-disabled="false"
                aria-expanded="true"
                aria-label="Toggle details"
                class="pf-c-button pf-m-plain"
                data-ouia-component-id="OUIA-Generated-Button-plain-1"
                data-ouia-component-type="PF4/Button"
                data-ouia-safe="true"
                id="toggle-button"
                type="button"
              >
                <span
                  class="pf-c-card__header-toggle-icon"
                >
                  <svg
                    aria-hidden="true"
                    fill="currentColor"
                    height="1em"
                    role="img"
                    style="vertical-align: -0.125em;"
                    viewBox="0 0 256 512"
                    width="1em"
                  >
                    <path
                      d="M224.3 273l-136 136c-9.4 9.4-24.6 9.4-33.9 0l-22.6-22.6c-9.4-9.4-9.4-24.6 0-33.9l96.4-96.4-96.4-96.4c-9.4-9.4-9.4-24.6 0-33.9L54.3 103c9.4-9.4 24.6-9.4 33.9 0l136 136c9.5 9.4 9.5 24.6.1 34z"
                    />
                  </svg>
                </span>
              </button>
            </div>
            <div
              class="pf-c-card__title"
            >
              Details
            </div>
          </div>
          <div
            class="pf-c-card__expandable-content makeStyles-body-3"
          >
            <div
              class="pf-c-card__body"
            >
              <div
                class="pf-l-grid pf-m-all-12-col-on-sm pf-m-all-6-col-on-md"
              >
                <div
                  class="pf-l-grid__item makeStyles-leftCol-1"
                >
                  <dl
                    class="pf-c-description-list pf-m-horizontal"
                  >
                    <div
                      class="pf-c-description-list__group"
                    >
                      <dt
                        class="pf-c-description-list__term"
                      >
                        <span
                          class="pf-c-description-list__text"
                        >
                          Name 
                        </span>
                      </dt>
                      <dd
                        class="pf-c-description-list__description"
                      >
                        <div
                          class="pf-c-description-list__text"
                        >
                          <div
                            class="app-name-container"
                          >
                            <div
                              class="app-name"
                            />
                            <div
                              class="pf-c-skeleton loading-skeleton-text"
                              style="--pf-c-skeleton--Width: 30%;"
                            >
                              <span
                                class="pf-u-screen-reader"
                              />
                            </div>
                          </div>
                        </div>
                      </dd>
                    </div>
                    <div
                      class="pf-c-description-list__group"
                    >
                      <dt
                        class="pf-c-description-list__term"
                      >
                        <span
                          class="pf-c-description-list__text"
                        >
                          Namespace 
                        </span>
                      </dt>
                      <dd
                        class="pf-c-description-list__description"
                      >
                        <div
                          class="pf-c-description-list__text"
                        >
                          <div
                            class="pf-c-skeleton loading-skeleton-text"
                            style="--pf-c-skeleton--Width: 30%;"
                          >
                            <span
                              class="pf-u-screen-reader"
                            />
                          </div>
                        </div>
                      </dd>
                    </div>
                    <div
                      class="pf-c-description-list__group"
                    >
                      <dt
                        class="pf-c-description-list__term"
                      >
                        <span
                          class="pf-c-description-list__text"
                        >
                          Created 
                        </span>
                      </dt>
                      <dd
                        class="pf-c-description-list__description"
                      >
                        <div
                          class="pf-c-description-list__text"
                        >
                          <div
                            class="pf-c-skeleton loading-skeleton-text"
                            style="--pf-c-skeleton--Width: 30%;"
                          >
                            <span
                              class="pf-u-screen-reader"
                            />
                          </div>
                        </div>
                      </dd>
                    </div>
                    <div
                      class="pf-c-description-list__group"
                    >
                      <dt
                        class="pf-c-description-list__term"
                      >
                        <span
                          class="pf-c-description-list__text"
                        >
                          <div
                            class="pf-c-skeleton loading-skeleton-text"
                            style="--pf-c-skeleton--Width: 30%;"
                          >
                            <span
                              class="pf-u-screen-reader"
                            />
                          </div>
                           
                          <div
                            class="pf-c-skeleton loading-skeleton-text"
                            style="--pf-c-skeleton--Width: 10%;"
                          >
                            <span
                              class="pf-u-screen-reader"
                            />
                          </div>
                        </span>
                      </dt>
                      <dd
                        class="pf-c-description-list__description"
                      >
                        <div
                          class="pf-c-description-list__text"
                        >
                          <div
                            class="pf-c-skeleton loading-skeleton-text"
                            style="--pf-c-skeleton--Width: 30%;"
                          >
                            <span
                              class="pf-u-screen-reader"
                            />
                          </div>
                          <div
                            class="pf-c-skeleton loading-skeleton-text"
                          >
                            <span
                              class="pf-u-screen-reader"
                            />
                          </div>
                        </div>
                      </dd>
                    </div>
                  </dl>
                </div>
                <div
                  class="pf-l-grid__item"
                >
                  <dl
                    class="pf-c-description-list pf-m-horizontal"
                  >
                    <div
                      class="pf-c-description-list__group"
                    >
                      <dt
                        class="pf-c-description-list__term"
                      >
                        <span
                          class="pf-c-description-list__text"
                        >
                          Clusters 
                        </span>
                      </dt>
                      <dd
                        class="pf-c-description-list__description"
                      >
                        <div
                          class="pf-c-description-list__text"
                        >
                          <div
                            class="pf-c-skeleton loading-skeleton-text"
                            style="--pf-c-skeleton--Width: 30%;"
                          >
                            <span
                              class="pf-u-screen-reader"
                            />
                          </div>
                        </div>
                      </dd>
                    </div>
                    <div
                      class="pf-c-description-list__group"
                    >
                      <dt
                        class="pf-c-description-list__term"
                      >
                        <span
                          class="pf-c-description-list__text"
                        >
                          Cluster resource status 
                          <svg
                            aria-hidden="true"
                            class="help-icon"
                            fill="currentColor"
                            height="1em"
                            role="img"
                            style="vertical-align: -0.125em;"
                            viewBox="0 0 512 512"
                            width="1em"
                          >
                            <path
                              d="M256 8C119.043 8 8 119.083 8 256c0 136.997 111.043 248 248 248s248-111.003 248-248C504 119.083 392.957 8 256 8zm0 448c-110.532 0-200-89.431-200-200 0-110.495 89.472-200 200-200 110.491 0 200 89.471 200 200 0 110.53-89.431 200-200 200zm107.244-255.2c0 67.052-72.421 68.084-72.421 92.863V300c0 6.627-5.373 12-12 12h-45.647c-6.627 0-12-5.373-12-12v-8.659c0-35.745 27.1-50.034 47.579-61.516 17.561-9.845 28.324-16.541 28.324-29.579 0-17.246-21.999-28.693-39.784-28.693-23.189 0-33.894 10.977-48.942 29.969-4.057 5.12-11.46 6.071-16.666 2.124l-27.824-21.098c-5.107-3.872-6.251-11.066-2.644-16.363C184.846 131.491 214.94 112 261.794 112c49.071 0 101.45 38.304 101.45 88.8zM298 368c0 23.159-18.841 42-42 42s-42-18.841-42-42 18.841-42 42-42 42 18.841 42 42z"
                            />
                          </svg>
                        </span>
                      </dt>
                      <dd
                        class="pf-c-description-list__description"
                      >
                        <div
                          class="pf-c-description-list__text"
                        >
                          <div
                            class="pf-c-skeleton loading-skeleton-text"
                            style="--pf-c-skeleton--Width: 30%;"
                          >
                            <span
                              class="pf-u-screen-reader"
                            />
                          </div>
                        </div>
                      </dd>
                    </div>
                    <div
                      class="pf-c-description-list__group"
                    >
                      <dt
                        class="pf-c-description-list__term"
                      >
                        <span
                          class="pf-c-description-list__text"
                        >
                          <div
                            class="pf-c-skeleton loading-skeleton-text"
                            style="--pf-c-skeleton--Width: 30%;"
                          >
                            <span
                              class="pf-u-screen-reader"
                            />
                          </div>
                           
                        </span>
                      </dt>
                      <dd
                        class="pf-c-description-list__description"
                      >
                        <div
                          class="pf-c-description-list__text"
                        >
                          <div
                            class="pf-c-skeleton loading-skeleton-text"
                            style="--pf-c-skeleton--Width: 30%;"
                          >
                            <span
                              class="pf-u-screen-reader"
                            />
                          </div>
                        </div>
                      </dd>
                    </div>
                  </dl>
                </div>
              </div>
            </div>
          </div>
        </article>
        <div
          class="overview-cards-subs-section"
        >
          <button
            aria-disabled="true"
            class="pf-c-button pf-m-secondary pf-m-disabled toggle-subs-btn"
            data-ouia-component-id="OUIA-Generated-Button-secondary-1"
            data-ouia-component-type="PF4/Button"
            data-ouia-safe="true"
            data-test-subscription-details="false"
            disabled=""
            type="button"
          >
            <div
              class="pf-c-skeleton loading-skeleton-text"
              style="--pf-c-skeleton--Width: 70%;"
            >
              <span
                class="pf-u-screen-reader"
              />
            </div>
          </button>
        </div>
      </div>
    </div>
    <div
      class="overview-content-bottom overview-content-with-padding"
    >
      <div
        class="resourceDiagramSourceContainer"
      >
        <div
          class="topology-controls"
        >
          <div
            class="topology-control-container"
          >
            <div
              id="search-textbox-portal-id"
            />
          </div>
        </div>
        <div
          class="resource-toolbar"
          id="resource-toolbar"
        >
          <div
            class="resource-toolbar-container"
          >
            <div
              class="resource-toolbar-buttons"
            >
              <div
                id="assorted-filter-open-portal-id"
              />
            </div>
            <div
              id="assorted-filter-close-portal-id"
            />
          </div>
        </div>
        <div
          class="resourceDiagramControlsContainer"
        >
          <div
            class="diagram-title"
          >
            Resource topology
            <svg
              class="diagram-title-divider"
            >
              <rect />
            </svg>
            <span
              class="how-to-read-text"
              role="button"
              tabindex="0"
            >
              How to read topology
              <svg
                class="how-to-read-icon"
              >
                <use
                  href="#diagramIcons_sidecar"
                />
              </svg>
            </span>
          </div>
          <div
            class="topologyDiagramContainer"
          >
            <div
              class="diagramViewerDiagram"
            >
              <div
                class="diagramViewerContainerContainer"
                id="diagram-viewer-container-container"
              >
                <div
                  aria-label="zoom"
                  class="diagramViewerContainer"
                  role="region"
                  style="height: 100%; width: 100%;"
                >
                  <svg
                    class="topologyDiagram"
                    id="topologySvgId"
                    style="pointer-events: none;"
                  />
                </div>
                <div
                  class="secondaryLoad"
                >
                  <span
                    aria-valuetext="Loading..."
                    class="pf-c-spinner pf-m-xl"
                    role="progressbar"
                  >
                    <span
                      class="pf-c-spinner__clipper"
                    />
                    <span
                      class="pf-c-spinner__lead-ball"
                    />
                    <span
                      class="pf-c-spinner__tail-ball"
                    />
                  </span>
                </div>
                <div
                  class="layoutLoadingContainer"
                  style="display: none;"
                >
                  <span
                    aria-valuetext="Loading..."
                    class="pf-c-spinner pf-m-xl"
                    role="progressbar"
                  >
                    <span
                      class="pf-c-spinner__clipper"
                    />
                    <span
                      class="pf-c-spinner__lead-ball"
                    />
                    <span
                      class="pf-c-spinner__tail-ball"
                    />
                  </span>
                </div>
              </div>
              <span
                class="diagramControls"
              >
                <div
                  class="diagram-controls"
                >
                  <div
                    aria-label="Zoom in"
                    class="zoom-in-button rectangle-zoom"
                    role="button"
                    tabindex="0"
                    title="Zoom in"
                  >
                    <svg
                      class="icon"
                    >
                      <use
                        href="#diagramIcons_zoomIn"
                      />
                    </svg>
                  </div>
                  <div
                    aria-label="Zoom out"
                    class="zoom-out-button rectangle-zoom"
                    role="button"
                    tabindex="0"
                    title="Zoom out"
                  >
                    <svg
                      class="icon"
                    >
                      <use
                        href="#diagramIcons_zoomOut"
                      />
                    </svg>
                  </div>
                  <div
                    aria-label="Zoom to fit"
                    class="zoom-target-button rectangle-zoom"
                    role="button"
                    tabindex="0"
                    title="Zoom to fit"
                  >
                    <svg
                      class="icon_target"
                    >
                      <use
                        href="#diagramIcons_zoomTarget"
                      />
                    </svg>
                  </div>
                </div>
              </span>
            </div>
          </div>
        </div>
      </div>
    </div>
  </div>
</div>
`;
