// Jest Snapshot v1, https://goo.gl/fbAQLP

exports[`AutoRefreshSelect hidden on edit app is hidden on edit app 1`] = `null`;
