// Jest Snapshot v1, https://goo.gl/fbAQLP

exports[`AutoRefreshSelect on single app renders correctly when visible on the single app page 1`] = `
<div
  class="auto-refresh"
>
  <div
    class="makeStyles-container-1"
  >
    <div
      aria-label="refresh-icon"
      class="makeStyles-reloadButton-2"
      id="refresh-icon"
      role="button"
      tabindex="0"
    >
      <svg
        aria-hidden="true"
        class="makeStyles-icon-4"
        fill="currentColor"
        height="1em"
        role="img"
        style="vertical-align: -0.125em;"
        viewBox="0 0 512 512"
        width="1em"
      >
        <path
          d="M370.72 133.28C339.458 104.008 298.888 87.962 255.848 88c-77.458.068-144.328 53.178-162.791 126.85-1.344 5.363-6.122 9.15-11.651 9.15H24.103c-7.498 0-13.194-6.807-11.807-14.176C33.933 94.924 134.813 8 256 8c66.448 0 126.791 26.136 171.315 68.685L463.03 40.97C478.149 25.851 504 36.559 504 57.941V192c0 13.255-10.745 24-24 24H345.941c-21.382 0-32.09-25.851-16.971-40.971l41.75-41.749zM32 296h134.059c21.382 0 32.09 25.851 16.971 40.971l-41.75 41.75c31.262 29.273 71.835 45.319 114.876 45.28 77.418-.07 144.315-53.144 162.787-126.849 1.344-5.363 6.122-9.15 11.651-9.15h57.304c7.498 0 13.194 6.807 11.807 14.176C478.067 417.076 377.187 504 256 504c-66.448 0-126.791-26.136-171.315-68.685L48.97 471.03C33.851 486.149 8 475.441 8 454.059V320c0-13.255 10.745-24 24-24z"
        />
      </svg>
    </div>
    <div
      aria-label="refetch-intervals"
      class="pf-c-dropdown makeStyles-buttonTitle-3"
      data-ouia-component-id="OUIA-Generated-Dropdown-1"
      data-ouia-component-type="PF4/Dropdown"
      data-ouia-safe="true"
      id="refresh-dropdown"
    >
      <button
        aria-expanded="false"
        aria-haspopup="true"
        aria-label="refresh-label"
        class="pf-c-dropdown__toggle pf-m-plain"
        data-ouia-component-id="OUIA-Generated-DropdownToggle-1"
        data-ouia-component-type="PF4/DropdownToggle"
        data-ouia-safe="true"
        id="refresh-toggle"
        type="button"
      >
        <span
          class="pf-c-dropdown__toggle-text"
        >
          Disable refresh
        </span>
        <span
          class="pf-c-dropdown__toggle-icon"
        >
          <svg
            aria-hidden="true"
            fill="currentColor"
            height="1em"
            role="img"
            style="vertical-align: -0.125em;"
            viewBox="0 0 320 512"
            width="1em"
          >
            <path
              d="M31.3 192h257.3c17.8 0 26.7 21.5 14.1 34.1L174.1 354.8c-7.8 7.8-20.5 7.8-28.3 0L17.2 226.1C4.6 213.5 13.5 192 31.3 192z"
            />
          </svg>
        </span>
      </button>
    </div>
  </div>
  <div
    class="makeStyles-timestamp-5"
  >
    <p>
      Last update: 3:56:32 AM
    </p>
  </div>
</div>
`;
