// Jest Snapshot v1, https://goo.gl/fbAQLP

exports[`ResourceList renders correctly 1`] = `
<div
  id="resource-list"
>
  <div
    className="pf-l-stack pf-m-gutter"
  >
    <div
      className="pf-l-stack__item"
    >
      <section
        className="pf-c-page__main-section pf-m-no-padding pf-m-light"
      >
        <div
          className="pf-c-empty-state"
        >
          <div
            className="pf-c-empty-state__content"
          >
            <div
              className="pf-c-empty-state__icon"
            >
              <span
                aria-valuetext="Loading..."
                className="pf-c-spinner pf-m-xl"
                role="progressbar"
              >
                <span
                  className="pf-c-spinner__clipper"
                />
                <span
                  className="pf-c-spinner__lead-ball"
                />
                <span
                  className="pf-c-spinner__tail-ball"
                />
              </span>
            </div>
            <h4
              className="pf-c-title pf-m-lg"
              data-ouia-component-id="OUIA-Generated-Title-1"
              data-ouia-component-type="PF4/Title"
              data-ouia-safe={true}
            >
              Loading
            </h4>
          </div>
        </div>
      </section>
    </div>
  </div>
</div>
`;
